files/61.csv
id,week,center_id,meal_id,checkout_price,base_price,emailer_for_promotion,homepage_featured,num_orders
1209838,1,61,1525,242.5,242.5,0,0,42
1176435,2,61,1525,242.5,244.5,0,0,81
1088595,3,61,1525,242.5,242.5,0,0,95
1109430,4,61,1525,242.5,243.5,0,0,55
1476790,5,61,1525,280.33,281.33,0,0,109
1330334,6,61,1525,280.33,281.33,0,0,136
1402314,7,61,1525,281.33,281.33,0,0,13
1208949,8,61,1525,280.33,281.33,0,0,53
1453879,9,61,1525,281.33,282.33,0,0,108
1247870,10,61,1525,246.41,281.33,0,0,148
1030774,11,61,1525,241.53,282.33,0,1,190
1057781,12,61,1525,241.53,280.33,0,1,150
1416518,13,61,1525,280.33,282.33,0,1,177
1110626,14,61,1525,281.33,281.33,0,1,188
1447914,15,61,1525,280.33,281.33,0,1,123
1377247,16,61,1525,282.33,282.33,0,1,26
1454023,17,61,1525,280.33,281.33,0,0,69
1289815,18,61,1525,282.33,280.33,0,0,68
1035062,19,61,1525,282.33,282.33,0,0,190
1197792,20,61,1525,281.33,281.33,0,0,121
1173210,21,61,1525,275.51,274.51,0,0,94
1225574,22,61,1525,243.5,275.51,0,0,82
1270813,23,61,1525,242.5,276.51,0,0,40
1431838,24,61,1525,244.5,276.51,0,0,161
1285903,25,61,1525,274.51,276.51,0,0,42
1482304,26,61,1525,291.03,291.03,0,0,54
1098166,27,61,1525,290.03,290.03,0,0,122
1299986,28,61,1525,241.53,292.03,1,0,134
1374702,29,61,1525,245.41,292.03,0,0,190
1102774,30,61,1525,242.53,292.03,0,0,69
1428657,31,61,1525,292.03,290.03,0,0,82
1470843,32,61,1525,291.03,292.03,0,0,82
1165550,33,61,1525,291.03,291.03,0,0,40
1094553,34,61,1525,284.21,284.21,0,0,108
1217514,35,61,1525,243.5,285.21,0,0,175
1339743,36,61,1525,242.5,285.21,0,0,81
1186347,37,61,1525,243.5,285.21,0,0,135
1420508,38,61,1525,243.5,285.21,0,0,123
1250761,39,61,1525,282.33,280.33,0,0,68
1167538,40,61,1525,292.03,290.03,0,0,54
1360857,41,61,1525,290.03,290.03,0,0,82
1403302,42,61,1525,278.39,278.39,0,0,54
1479534,43,61,1525,241.53,278.39,1,0,41
1272195,44,61,1525,241.53,280.39,1,0,27
1219084,45,61,1525,243.53,278.39,0,0,54
1029282,46,61,1525,292.03,292.03,0,0,81
1399335,47,61,1525,291.03,292.03,0,0,149
1224158,48,61,1525,272.63,272.63,0,0,136
1101707,49,61,1525,243.53,270.63,0,0,67
1438284,50,61,1525,243.53,270.63,0,0,54
1460473,51,61,1525,243.53,271.63,0,0,94
1331966,52,61,1525,242.53,271.63,0,0,123
1386335,53,61,1525,241.53,270.63,0,0,67
1427163,54,61,1525,283.24,283.24,0,0,95
1287343,55,61,1525,292.03,292.03,0,0,94
1464495,56,61,1525,241.53,290.03,1,0,257
1442289,57,61,1525,242.53,291.03,0,1,190
1163066,58,61,1525,243.53,291.03,0,1,121
1073951,59,61,1525,292.03,291.03,0,0,96
1429852,60,61,1525,291.03,292.03,0,0,82
1065117,61,61,1525,292.03,290.03,0,0,69
1429872,62,61,1525,290.03,292.03,0,0,94
1293271,63,61,1525,242.53,292.03,1,1,392
1364103,64,61,1525,241.53,292.03,1,1,258
1231845,65,61,1525,242.53,292.03,0,0,123
1287753,66,61,1525,292.03,291.03,0,0,123
1404499,67,61,1525,290.03,291.03,0,0,67
1451879,68,61,1525,291.03,292.03,0,0,55
1495530,69,61,1525,292.03,292.03,0,0,67
1272564,70,61,1525,292.03,291.03,0,0,161
1141177,71,61,1525,291.03,291.03,0,0,81
1124140,72,61,1525,292.03,291.03,0,0,96
1326345,73,61,1525,244.5,291.03,0,0,163
1349878,74,61,1525,242.5,290.03,0,0,82
1444703,75,61,1525,243.5,291.03,0,0,95
1305448,76,61,1525,243.5,290.03,0,0,121
1166807,77,61,1525,244.5,290.03,0,0,148
1239710,78,61,1525,282.33,280.33,0,0,68
1418765,79,61,1525,290.03,290.03,0,0,42
1023431,80,61,1525,248.35,290.03,0,0,243
1280231,81,61,1525,241.53,290.03,1,1,202
1285120,82,61,1525,242.53,290.03,0,1,108
1275557,83,61,1525,292.03,292.03,0,1,136
1164659,84,61,1525,290.03,291.03,0,0,109
1130390,85,61,1525,244.5,291.03,0,0,134
1237562,86,61,1525,244.5,291.03,0,0,94
1331360,87,61,1525,243.5,290.03,1,1,270
1450023,88,61,1525,243.5,291.03,0,1,229
1207308,89,61,1525,291.03,292.03,0,1,189
1253998,90,61,1525,290.03,291.03,0,1,94
1091449,91,61,1525,292.03,292.03,0,1,123
1199719,92,61,1525,291.03,291.03,0,1,121
1318161,93,61,1525,292.03,292.03,0,1,136
1397764,94,61,1525,290.03,292.03,0,1,94
1242326,95,61,1525,292.03,292.03,0,0,107
1063607,96,61,1525,242.53,292.03,0,1,270
1134752,97,61,1525,241.53,291.03,0,1,352
1178646,98,61,1525,243.53,290.03,0,1,203
1118688,99,61,1525,284.24,290.03,0,1,204
1235176,100,61,1525,291.03,290.03,0,1,204
1421225,101,61,1525,292.03,292.03,0,0,80
1003075,102,61,1525,290.03,292.03,0,0,176
1119680,103,61,1525,272.63,270.63,0,0,40
1068646,104,61,1525,262.93,260.93,0,0,95
1457711,105,61,1525,264.81,260.93,0,1,204
1339771,106,61,1525,260.93,262.93,0,1,148
1104118,107,61,1525,260.93,260.93,0,1,297
1268452,108,61,1525,264.87,260.93,0,1,216
1343846,109,61,1525,243.53,261.93,0,1,338
1256790,110,61,1525,253.2,261.93,0,1,188
1439260,111,61,1525,242.53,262.93,0,1,149
1106917,112,61,1525,241.53,242.53,0,0,177
1255392,113,61,1525,241.53,241.53,0,0,121
1210094,114,61,1525,241.53,241.53,0,0,216
1017438,115,61,1525,291.03,291.03,0,0,53
1328767,116,61,1525,290.03,292.03,0,0,123
1059766,117,61,1525,291.03,291.03,0,0,80
1320945,118,61,1525,291.03,292.03,0,0,150
1249663,119,61,1525,291.03,291.03,0,0,162
1313252,120,61,1525,290.03,292.03,0,0,177
1019927,121,61,1525,241.53,290.03,0,1,244
1004353,122,61,1525,232.86,292.03,0,1,257
1023830,123,61,1525,228.01,291.03,0,1,339
1412338,124,61,1525,320.13,290.03,0,1,67
1472416,125,61,1525,321.13,320.13,0,0,53
1030848,126,61,1525,320.13,321.13,0,1,67
1032549,127,61,1525,321.13,321.13,0,1,135
1465399,128,61,1525,321.13,320.13,0,0,190
1433359,129,61,1525,320.13,321.13,0,1,149
1389039,130,61,1525,320.13,320.13,0,0,134
1338170,131,61,1525,262.93,321.13,0,0,163
1439051,132,61,1525,255.14,321.13,0,0,96
1188981,133,61,1525,261.93,319.13,0,0,69
1277120,134,61,1525,319.13,320.13,0,0,96
1168238,135,61,1525,321.13,319.13,0,0,13
1438976,136,61,1525,321.13,320.13,0,0,94
1083791,137,61,1525,262.93,321.13,0,0,108
1054435,138,61,1525,266.78,321.13,0,0,149
1137968,139,61,1525,262.93,321.13,0,0,95
1269855,140,61,1525,321.13,319.13,0,0,107
1159853,141,61,1525,319.13,320.13,0,0,68
1011369,142,61,1525,321.13,320.13,0,0,94
1198675,143,61,1525,320.13,320.13,0,0,136
1435326,144,61,1525,320.13,321.13,0,0,80
1035758,145,61,1525,319.13,321.13,0,0,134
1000630,1,61,2704,242.5,275.51,0,0,107
1010569,2,61,2704,246.38,275.51,0,0,135
1228131,3,61,2704,243.5,275.51,0,0,162
1116090,4,61,2704,244.5,274.51,0,0,135
1095911,5,61,2704,282.33,281.33,0,0,136
1279587,6,61,2704,282.33,280.33,0,0,108
1325020,7,61,2704,280.33,280.33,0,0,109
1350870,8,61,2704,281.33,281.33,0,0,94
1217670,9,61,2704,280.33,280.33,0,0,82
1048135,10,61,2704,243.53,280.33,0,0,163
1475428,11,61,2704,244.47,281.33,0,1,284
1355759,12,61,2704,241.53,282.33,0,1,149
1073039,13,61,2704,282.33,280.33,0,1,134
1215961,14,61,2704,281.33,281.33,0,1,123
1266648,15,61,2704,282.33,282.33,0,1,94
1321216,16,61,2704,281.33,281.33,0,1,108
1110300,17,61,2704,280.33,280.33,0,0,123
1284410,18,61,2704,280.33,280.33,0,0,134
1411808,19,61,2704,281.33,281.33,0,0,69
1262345,20,61,2704,281.33,281.33,0,0,80
1199015,21,61,2704,280.33,281.33,0,0,67
1098081,22,61,2704,242.5,280.33,0,0,149
1216802,23,61,2704,251.26,282.33,0,0,82
1071874,24,61,2704,242.5,282.33,0,0,80
1057962,25,61,2704,285.18,287.18,0,0,121
1030332,26,61,2704,292.03,291.03,0,0,55
1314115,27,61,2704,292.03,292.03,0,0,13
1490841,28,61,2704,243.53,292.03,1,0,231
1284102,29,61,2704,245.41,292.03,0,0,163
1251945,30,61,2704,251.29,292.03,0,0,81
1273808,31,61,2704,291.03,292.03,0,0,135
1244653,32,61,2704,290.03,290.03,0,0,81
1255208,33,61,2704,291.03,291.03,0,0,81
1459564,34,61,2704,291.03,292.03,0,0,94
1037865,35,61,2704,244.5,292.03,0,0,189
1282780,36,61,2704,242.5,290.03,0,0,150
1271101,37,61,2704,244.5,290.03,0,0,94
1196954,50,61,2704,241.53,290.03,0,0,80
1489269,51,61,2704,242.53,291.03,0,0,121
1161739,52,61,2704,248.35,292.03,0,0,122
1212769,53,61,2704,243.53,243.53,0,0,95
1336229,54,61,2704,281.33,281.33,0,0,68
1122813,55,61,2704,292.03,291.03,0,0,68
1271195,56,61,2704,242.53,292.03,1,0,499
1146369,57,61,2704,242.53,290.03,0,1,486
1283966,58,61,2704,242.53,291.03,0,1,109
1336841,59,61,2704,286.21,286.21,0,0,109
1426972,60,61,2704,292.03,291.03,0,0,55
1445423,61,61,2704,290.03,290.03,0,0,122
1159330,62,61,2704,290.03,290.03,0,0,95
1188376,63,61,2704,241.53,292.03,1,1,378
1440023,64,61,2704,241.53,290.03,1,1,378
1177203,65,61,2704,242.53,290.03,0,0,190
1481351,66,61,2704,290.03,291.03,0,0,135
1021494,67,61,2704,291.03,292.03,0,0,202
1055840,68,61,2704,291.03,292.03,0,0,161
1128211,69,61,2704,290.03,292.03,0,0,175
1034186,70,61,2704,291.03,290.03,0,0,149
1094390,71,61,2704,291.03,292.03,0,0,162
1455258,72,61,2704,290.03,291.03,0,0,177
1086604,73,61,2704,244.5,291.03,0,0,242
1483994,74,61,2704,244.5,291.03,0,0,176
1066043,75,61,2704,244.5,291.03,0,0,283
1211760,76,61,2704,243.5,290.03,0,0,162
1247336,77,61,2704,243.5,291.03,0,0,121
1033861,78,61,2704,278.39,280.39,0,0,107
1415633,79,61,2704,290.03,290.03,0,0,107
1198996,80,61,2704,244.47,291.03,0,0,365
1318205,81,61,2704,243.53,290.03,1,1,365
1066553,82,61,2704,247.41,291.03,0,1,324
1275316,83,61,2704,292.03,292.03,0,1,230
1373721,84,61,2704,291.03,291.03,0,1,230
1479567,85,61,2704,247.38,292.03,0,0,323
1008282,86,61,2704,243.5,292.03,0,0,323
1326065,87,61,2704,242.5,292.03,1,1,242
1284520,88,61,2704,242.5,292.03,0,1,271
1150736,89,61,2704,291.03,292.03,0,1,365
1240212,90,61,2704,290.03,291.03,0,1,230
1193130,91,61,2704,290.03,292.03,0,1,216
1398715,92,61,2704,291.03,292.03,0,1,217
1301160,93,61,2704,292.03,292.03,0,1,189
1340184,94,61,2704,290.03,292.03,0,1,257
1324837,95,61,2704,291.03,290.03,0,0,203
1484469,96,61,2704,243.53,292.03,0,1,284
1493384,97,61,2704,243.47,292.03,0,1,431
1207628,98,61,2704,246.41,290.03,0,1,352
1391451,99,61,2704,272.57,291.03,0,1,284
1459661,100,61,2704,291.03,292.03,0,1,446
1230607,101,61,2704,292.03,291.03,0,0,258
1278360,102,61,2704,291.03,290.03,0,0,204
1144661,103,61,2704,290.03,290.03,0,0,298
1387570,104,61,2704,262.93,290.03,0,0,312
1417027,105,61,2704,262.93,290.03,0,1,350
1249362,106,61,2704,262.87,290.03,0,1,485
1373048,107,61,2704,260.93,290.03,0,1,350
1203131,108,61,2704,262.93,290.03,0,1,377
1117254,109,61,2704,241.53,291.03,0,1,607
1461298,110,61,2704,242.53,290.03,0,1,244
1284529,111,61,2704,242.53,291.03,0,1,298
1337073,112,61,2704,242.53,291.03,0,1,378
1236509,113,61,2704,243.53,290.03,0,0,258
1270850,114,61,2704,242.53,291.03,0,0,258
1258767,115,61,2704,290.03,292.03,0,0,379
1249307,116,61,2704,292.03,292.03,0,0,258
1044050,117,61,2704,291.03,292.03,0,0,175
1204151,118,61,2704,290.03,290.03,0,0,136
1460066,119,61,2704,291.03,291.03,0,0,284
1218861,120,61,2704,292.03,290.03,0,0,190
1127735,121,61,2704,244.47,291.03,0,1,420
1283890,122,61,2704,230.89,291.03,0,1,229
1058623,123,61,2704,238.68,291.03,0,1,256
1418096,124,61,2704,321.13,290.03,0,1,135
1473767,125,61,2704,321.13,319.13,0,0,190
1423813,126,61,2704,321.13,319.13,0,1,163
1018608,127,61,2704,320.13,319.13,0,1,215
1247717,128,61,2704,320.13,321.13,0,0,269
1001269,129,61,2704,321.13,320.13,0,0,94
1295234,130,61,2704,319.13,320.13,0,0,190
1453862,131,61,2704,261.93,321.13,0,0,177
1479201,132,61,2704,241.59,320.13,0,0,121
1032683,133,61,2704,255.11,321.13,0,0,216
1244184,134,61,2704,319.13,320.13,0,0,136
1219974,135,61,2704,321.13,319.13,0,0,148
1267653,136,61,2704,320.13,321.13,0,0,189
1252548,137,61,2704,256.14,320.13,0,0,202
1276612,138,61,2704,244.44,320.13,0,0,123
1072705,139,61,2704,262.93,321.13,0,0,175
1479283,140,61,2704,319.13,321.13,0,0,96
1033776,141,61,2704,320.13,320.13,0,0,121
1235744,142,61,2704,321.13,319.13,0,0,80
1306379,143,61,2704,320.13,319.13,0,0,121
1166809,144,61,2704,320.13,321.13,0,0,161
1010438,145,61,2704,321.13,320.13,0,0,67
1440689,1,61,2492,445.23,445.23,0,0,28
1039077,3,61,2492,447.23,447.23,0,0,26
1478044,4,61,2492,445.23,445.23,0,0,28
1496092,5,61,2492,447.23,447.23,0,0,15
1095186,6,61,2492,446.23,446.23,0,0,55
1273965,7,61,2492,445.23,445.23,0,0,14
1319917,8,61,2492,446.23,446.23,0,0,13
1356136,9,61,2492,446.23,445.23,0,0,41
1343259,10,61,2492,447.23,445.23,0,0,28
1131469,11,61,2492,445.23,447.23,0,0,41
1261622,12,61,2492,446.23,446.23,0,0,41
1079916,13,61,2492,445.23,445.23,0,0,26
1436275,15,61,2492,446.23,445.23,0,0,13
1109256,16,61,2492,447.23,445.23,0,0,15
1236519,18,61,2492,447.23,446.23,0,0,13
1067508,19,61,2492,447.23,446.23,0,0,15
1269599,20,61,2492,445.23,446.23,0,0,28
1015426,22,61,2492,447.23,447.23,0,0,14
1208034,23,61,2492,446.23,445.23,0,0,42
1048892,24,61,2492,447.23,445.23,0,0,41
1314819,25,61,2492,445.23,445.23,0,0,26
1333355,26,61,2492,445.23,445.23,0,0,27
1323299,27,61,2492,445.23,445.23,0,0,53
1364610,28,61,2492,291.03,445.23,1,0,149
1016647,29,61,2492,291.03,445.23,1,1,27
1226074,30,61,2492,292.03,447.23,0,0,54
1261915,31,61,2492,292.03,445.23,0,0,67
1452788,32,61,2492,445.23,447.23,0,0,15
1435928,33,61,2492,446.23,447.23,0,0,13
1202449,34,61,2492,446.23,445.23,0,0,28
1219134,39,61,2492,447.23,446.23,0,0,53
1389541,41,61,2492,446.23,446.23,0,0,15
1231300,44,61,2492,447.23,445.23,0,0,26
1020683,45,61,2492,292.03,446.23,1,0,96
1141417,46,61,2492,290.03,447.23,0,1,14
1220915,47,61,2492,290.03,447.23,0,1,15
1091088,48,61,2492,292.03,445.23,0,1,14
1194670,49,61,2492,445.23,447.23,0,0,14
1210548,50,61,2492,445.23,447.23,0,1,40
1332919,51,61,2492,447.23,445.23,0,1,53
1328500,52,61,2492,447.23,447.23,0,1,26
1478359,53,61,2492,446.23,447.23,0,1,27
1204087,54,61,2492,445.23,447.23,0,0,14
1364694,56,61,2492,447.23,445.23,0,0,26
1328300,57,61,2492,447.23,447.23,0,0,14
1142239,58,61,2492,447.23,446.23,0,0,40
1376181,59,61,2492,447.23,447.23,0,0,26
1323195,60,61,2492,445.23,445.23,0,0,41
1429091,61,61,2492,447.23,447.23,0,0,28
1115950,62,61,2492,291.03,446.23,0,0,13
1363306,63,61,2492,292.03,446.23,1,0,258
1321176,64,61,2492,291.03,447.23,1,0,121
1113706,65,61,2492,367.63,445.23,0,0,27
1318586,66,61,2492,447.23,447.23,0,0,13
1332542,67,61,2492,445.23,447.23,0,0,42
1345381,68,61,2492,445.23,446.23,0,0,68
1025288,69,61,2492,446.23,447.23,0,0,13
1133659,71,61,2492,445.23,445.23,0,0,15
1186625,72,61,2492,446.23,447.23,0,0,26
1373789,73,61,2492,447.23,445.23,0,0,26
1455598,76,61,2492,446.23,447.23,0,0,53
1120826,79,61,2492,446.23,446.23,0,0,41
1192431,80,61,2492,291,447.23,1,0,204
1178652,81,61,2492,307.52,445.23,0,0,136
1087059,82,61,2492,291,446.23,0,0,41
1025647,83,61,2492,291,447.23,0,0,109
1177330,84,61,2492,446.23,446.23,0,0,40
1119002,86,61,2492,446.23,445.23,0,0,15
1451089,87,61,2492,446.23,445.23,0,0,42
1103305,89,61,2492,395.79,445.23,0,0,55
1329242,90,61,2492,447.23,445.23,0,0,28
1397620,91,61,2492,445.23,447.23,0,0,26
1027617,92,61,2492,447.23,447.23,0,0,69
1024694,93,61,2492,445.23,445.23,0,0,40
1414118,94,61,2492,447.23,445.23,0,0,13
1194239,95,61,2492,447.23,446.23,0,0,15
1181497,96,61,2492,291,447.23,0,0,28
1169403,97,61,2492,292,446.23,0,0,80
1360491,98,61,2492,292,447.23,0,0,15
1043461,99,61,2492,292,447.23,0,0,41
1287640,100,61,2492,446.23,446.23,0,0,26
1273088,101,61,2492,447.23,446.23,0,0,41
1338752,102,61,2492,446.23,446.23,0,0,14
1143853,105,61,2492,446.23,447.23,0,0,14
1367829,107,61,2492,446.23,447.23,0,0,40
1253158,108,61,2492,292,446.23,0,0,68
1123168,109,61,2492,293,447.23,0,0,148
1080925,110,61,2492,445.23,445.23,0,0,27
1135891,111,61,2492,445.23,445.23,0,0,26
1409319,112,61,2492,445.23,446.23,0,0,26
1484064,113,61,2492,447.23,445.23,0,0,67
1200138,114,61,2492,447.23,445.23,0,0,42
1234859,115,61,2492,446.23,446.23,0,0,28
1336152,116,61,2492,446.23,445.23,0,0,53
1256427,117,61,2492,445.23,447.23,0,0,13
1209935,118,61,2492,446.23,445.23,0,0,15
1237244,119,61,2492,445.23,445.23,0,0,13
1262433,120,61,2492,339.5,445.23,0,0,54
1385244,121,61,2492,340.5,447.23,0,0,42
1297026,122,61,2492,354.05,447.23,0,0,53
1319784,123,61,2492,339.5,447.23,0,0,108
1136823,124,61,2492,447.23,447.23,0,0,41
1339572,126,61,2492,445.23,447.23,0,0,28
1283090,127,61,2492,446.23,447.23,0,0,26
1169820,129,61,2492,447.23,447.23,0,0,54
1422945,130,61,2492,446.23,446.23,0,0,14
1413654,131,61,2492,446.23,446.23,0,0,69
1270337,132,61,2492,275.54,445.23,0,0,82
1203480,133,61,2492,281.33,445.23,0,1,68
1466137,134,61,2492,292.03,447.23,0,1,122
1331348,135,61,2492,311.43,447.23,0,1,108
1389529,136,61,2492,455.93,454.93,0,0,42
1310493,139,61,2492,455.93,456.93,0,0,69
1164815,140,61,2492,445.23,447.23,0,0,68
1332581,141,61,2492,409.37,409.37,0,0,14
1322254,142,61,2492,409.37,410.37,0,0,26
1172284,143,61,2492,456.93,456.93,0,0,28
1175140,144,61,2492,456.93,456.93,0,0,41
1116711,145,61,2492,455.93,455.93,0,0,42
